  /* ola ola */
"asddasd
#
    #
  /* ola
/*      asd   

